# journal recorded by gmc_v9.1.8 at 2019/11/25 10:40:58
gmc -> open 'TRACE.cgns'
gmc -> set_rpm of component type 'LPC' to <PARAM rpm PARAM>
gmc -> set_solver_properties for 'machine' : NoOfTimeSteps to <OPTION numtimesteps OPTION>
gmc -> set_solver_properties for 'IGV' : NoOfTimeSteps to <OPTION numtimesteps OPTION>
gmc -> set_solver_properties for 'R1' : NoOfTimeSteps to <OPTION numtimesteps OPTION>
gmc -> set_solver_properties for 'R3' : NoOfTimeSteps to <OPTION numtimesteps OPTION>
gmc -> set_solver_properties for 'R4' : NoOfTimeSteps to <OPTION numtimesteps OPTION>
gmc -> set_solver_properties for 'S4' : NoOfTimeSteps to <OPTION numtimesteps OPTION>
gmc -> set_solver_properties for 'R2' : NoOfTimeSteps to <OPTION numtimesteps OPTION>
gmc -> set_solver_properties for 'S2' : NoOfTimeSteps to <OPTION numtimesteps OPTION>
gmc -> set_solver_properties for 'S3' : NoOfTimeSteps to <OPTION numtimesteps OPTION>
gmc -> set_solver_properties for 'S1' : NoOfTimeSteps to <OPTION numtimesteps OPTION>
gmc -> set_output 2DPhysicalOutput Standard :  Interleave to 500
gmc -> set_output 3DPhysicalOutput Standard :  Interleave to 500
gmc -> set_solver_properties for 'machine' : Restart to On
gmc -> set_solver_properties for 'IGV' : Restart to  On
gmc -> set_solver_properties for 'R1' : Restart to On
gmc -> set_solver_properties for 'R3' : Restart to On
gmc -> set_solver_properties for 'R4' : Restart to On
gmc -> set_solver_properties for 'S4' : Restart to On
gmc -> set_solver_properties for 'R2' : Restart to On
gmc -> set_solver_properties for 'S2' : Restart to On
gmc -> set_solver_properties for 'S3' : Restart to On
gmc -> set_solver_properties for 'S1' : Restart to On
gmc -> set_attributes of panel_group named 'S4_OUTFLOW' : set massflow to <PARAM massflow PARAM>
gmc -> save 'TRACE.cgns'
